Archive member included to satisfy reference by file (symbol)

/opt/st/stm32cubeide_1.15.0/plugins/com.st.stm32cube.ide.mcu.externaltools.gnu-tools-for-stm32.12.3.rel1.linux64_1.0.100.202403111256/tools/bin/../lib/gcc/arm-none-eabi/12.3.1/../../../../arm-none-eabi/lib/thumb/v7e-m/nofp/libc_nano.a(libc_a-exit.o)
                              /opt/st/stm32cubeide_1.15.0/plugins/com.st.stm32cube.ide.mcu.externaltools.gnu-tools-for-stm32.12.3.rel1.linux64_1.0.100.202403111256/tools/bin/../lib/gcc/arm-none-eabi/12.3.1/../../../../arm-none-eabi/lib/thumb/v7e-m/nofp/crt0.o (exit)
/opt/st/stm32cubeide_1.15.0/plugins/com.st.stm32cube.ide.mcu.externaltools.gnu-tools-for-stm32.12.3.rel1.linux64_1.0.100.202403111256/tools/bin/../lib/gcc/arm-none-eabi/12.3.1/../../../../arm-none-eabi/lib/thumb/v7e-m/nofp/libc_nano.a(libc_a-itoa.o)
                              ./Src/main.o (itoa)
/opt/st/stm32cubeide_1.15.0/plugins/com.st.stm32cube.ide.mcu.externaltools.gnu-tools-for-stm32.12.3.rel1.linux64_1.0.100.202403111256/tools/bin/../lib/gcc/arm-none-eabi/12.3.1/../../../../arm-none-eabi/lib/thumb/v7e-m/nofp/libc_nano.a(libc_a-utoa.o)
                              /opt/st/stm32cubeide_1.15.0/plugins/com.st.stm32cube.ide.mcu.externaltools.gnu-tools-for-stm32.12.3.rel1.linux64_1.0.100.202403111256/tools/bin/../lib/gcc/arm-none-eabi/12.3.1/../../../../arm-none-eabi/lib/thumb/v7e-m/nofp/libc_nano.a(libc_a-itoa.o) (__utoa)
/opt/st/stm32cubeide_1.15.0/plugins/com.st.stm32cube.ide.mcu.externaltools.gnu-tools-for-stm32.12.3.rel1.linux64_1.0.100.202403111256/tools/bin/../lib/gcc/arm-none-eabi/12.3.1/../../../../arm-none-eabi/lib/thumb/v7e-m/nofp/libc_nano.a(libc_a-findfp.o)
                              /opt/st/stm32cubeide_1.15.0/plugins/com.st.stm32cube.ide.mcu.externaltools.gnu-tools-for-stm32.12.3.rel1.linux64_1.0.100.202403111256/tools/bin/../lib/gcc/arm-none-eabi/12.3.1/../../../../arm-none-eabi/lib/thumb/v7e-m/nofp/libc_nano.a(libc_a-exit.o) (__stdio_exit_handler)
/opt/st/stm32cubeide_1.15.0/plugins/com.st.stm32cube.ide.mcu.externaltools.gnu-tools-for-stm32.12.3.rel1.linux64_1.0.100.202403111256/tools/bin/../lib/gcc/arm-none-eabi/12.3.1/../../../../arm-none-eabi/lib/thumb/v7e-m/nofp/libc_nano.a(libc_a-fwalk.o)
                              /opt/st/stm32cubeide_1.15.0/plugins/com.st.stm32cube.ide.mcu.externaltools.gnu-tools-for-stm32.12.3.rel1.linux64_1.0.100.202403111256/tools/bin/../lib/gcc/arm-none-eabi/12.3.1/../../../../arm-none-eabi/lib/thumb/v7e-m/nofp/libc_nano.a(libc_a-findfp.o) (_fwalk_sglue)
/opt/st/stm32cubeide_1.15.0/plugins/com.st.stm32cube.ide.mcu.externaltools.gnu-tools-for-stm32.12.3.rel1.linux64_1.0.100.202403111256/tools/bin/../lib/gcc/arm-none-eabi/12.3.1/../../../../arm-none-eabi/lib/thumb/v7e-m/nofp/libc_nano.a(libc_a-stdio.o)
                              /opt/st/stm32cubeide_1.15.0/plugins/com.st.stm32cube.ide.mcu.externaltools.gnu-tools-for-stm32.12.3.rel1.linux64_1.0.100.202403111256/tools/bin/../lib/gcc/arm-none-eabi/12.3.1/../../../../arm-none-eabi/lib/thumb/v7e-m/nofp/libc_nano.a(libc_a-findfp.o) (__sread)
/opt/st/stm32cubeide_1.15.0/plugins/com.st.stm32cube.ide.mcu.externaltools.gnu-tools-for-stm32.12.3.rel1.linux64_1.0.100.202403111256/tools/bin/../lib/gcc/arm-none-eabi/12.3.1/../../../../arm-none-eabi/lib/thumb/v7e-m/nofp/libc_nano.a(libc_a-memset.o)
                              /opt/st/stm32cubeide_1.15.0/plugins/com.st.stm32cube.ide.mcu.externaltools.gnu-tools-for-stm32.12.3.rel1.linux64_1.0.100.202403111256/tools/bin/../lib/gcc/arm-none-eabi/12.3.1/../../../../arm-none-eabi/lib/thumb/v7e-m/nofp/crt0.o (memset)
/opt/st/stm32cubeide_1.15.0/plugins/com.st.stm32cube.ide.mcu.externaltools.gnu-tools-for-stm32.12.3.rel1.linux64_1.0.100.202403111256/tools/bin/../lib/gcc/arm-none-eabi/12.3.1/../../../../arm-none-eabi/lib/thumb/v7e-m/nofp/libc_nano.a(libc_a-closer.o)
                              /opt/st/stm32cubeide_1.15.0/plugins/com.st.stm32cube.ide.mcu.externaltools.gnu-tools-for-stm32.12.3.rel1.linux64_1.0.100.202403111256/tools/bin/../lib/gcc/arm-none-eabi/12.3.1/../../../../arm-none-eabi/lib/thumb/v7e-m/nofp/libc_nano.a(libc_a-stdio.o) (_close_r)
/opt/st/stm32cubeide_1.15.0/plugins/com.st.stm32cube.ide.mcu.externaltools.gnu-tools-for-stm32.12.3.rel1.linux64_1.0.100.202403111256/tools/bin/../lib/gcc/arm-none-eabi/12.3.1/../../../../arm-none-eabi/lib/thumb/v7e-m/nofp/libc_nano.a(libc_a-reent.o)
                              /opt/st/stm32cubeide_1.15.0/plugins/com.st.stm32cube.ide.mcu.externaltools.gnu-tools-for-stm32.12.3.rel1.linux64_1.0.100.202403111256/tools/bin/../lib/gcc/arm-none-eabi/12.3.1/../../../../arm-none-eabi/lib/thumb/v7e-m/nofp/libc_nano.a(libc_a-closer.o) (errno)
/opt/st/stm32cubeide_1.15.0/plugins/com.st.stm32cube.ide.mcu.externaltools.gnu-tools-for-stm32.12.3.rel1.linux64_1.0.100.202403111256/tools/bin/../lib/gcc/arm-none-eabi/12.3.1/../../../../arm-none-eabi/lib/thumb/v7e-m/nofp/libc_nano.a(libc_a-impure.o)
[...]
Memory Configuration

Name             Origin             Length             Attributes
CCMRAM           0x10000000         0x00010000         xrw
RAM              0x20000000         0x00020000         xrw
FLASH            0x08000000         0x00100000         xr
*default*        0x00000000         0xffffffff

Linker script and memory map

LOAD /opt/st/stm32cubeide_1.15.0/plugins/com.st.stm32cube.ide.mcu.externaltools.gnu-tools-for-stm32.12.3.rel1.linux64_1.0.100.202403111256/tools/bin/../lib/gcc/arm-none-eabi/12.3.1/thumb/v7e-m/nofp/crti.o
LOAD /opt/st/stm32cubeide_1.15.0/plugins/com.st.stm32cube.ide.mcu.externaltools.gnu-tools-for-stm32.12.3.rel1.linux64_1.0.100.202403111256/tools/bin/../lib/gcc/arm-none-eabi/12.3.1/thumb/v7e-m/nofp/crtbegin.o
LOAD /opt/st/stm32cubeide_1.15.0/plugins/com.st.stm32cube.ide.mcu.externaltools.gnu-tools-for-stm32.12.3.rel1.linux64_1.0.100.202403111256/tools/bin/../lib/gcc/arm-none-eabi/12.3.1/../../../../arm-none-eabi/lib/thumb/v7e-m/nofp/crt0.o
LOAD ./Src/itm.o
LOAD ./Src/lcd.o
LOAD ./Src/led.o
LOAD ./Src/main.o
LOAD ./Src/switch.o
LOAD ./Src/syscalls.o
LOAD ./Src/sysmem.o
LOAD ./Src/system_stm32f4xx.o
LOAD ./Startup/startup_stm32f407vgtx.o
START GROUP
LOAD /opt/st/stm32cubeide_1.15.0/plugins/com.st.stm32cube.ide.mcu.externaltools.gnu-tools-for-stm32.12.3.rel1.linux64_1.0.100.202403111256/tools/bin/../lib/gcc/arm-none-eabi/12.3.1/../../../../arm-none-eabi/lib/thumb/v7e-m/nofp/libc_nano.a
LOAD /opt/st/stm32cubeide_1.15.0/plugins/com.st.stm32cube.ide.mcu.externaltools.gnu-tools-for-stm32.12.3.rel1.linux64_1.0.100.202403111256/tools/bin/../lib/gcc/arm-none-eabi/12.3.1/../../../../arm-none-eabi/lib/thumb/v7e-m/nofp/libm.a
END GROUP
START GROUP
LOAD /opt/st/stm32cubeide_1.15.0/plugins/com.st.stm32cube.ide.mcu.externaltools.gnu-tools-for-stm32.12.3.rel1.linux64_1.0.100.202403111256/tools/bin/../lib/gcc/arm-none-eabi/12.3.1/thumb/v7e-m/nofp/libgcc.a
LOAD /opt/st/stm32cubeide_1.15.0/plugins/com.st.stm32cube.ide.mcu.externaltools.gnu-tools-for-stm32.12.3.rel1.linux64_1.0.100.202403111256/tools/bin/../lib/gcc/arm-none-eabi/12.3.1/../../../../arm-none-eabi/lib/thumb/v7e-m/nofp/libc_nano.a
END GROUP
START GROUP
LOAD /opt/st/stm32cubeide_1.15.0/plugins/com.st.stm32cube.ide.mcu.externaltools.gnu-tools-for-stm32.12.3.rel1.linux64_1.0.100.202403111256/tools/bin/../lib/gcc/arm-none-eabi/12.3.1/thumb/v7e-m/nofp/libgcc.a
LOAD /opt/st/stm32cubeide_1.15.0/plugins/com.st.stm32cube.ide.mcu.externaltools.gnu-tools-for-stm32.12.3.rel1.linux64_1.0.100.202403111256/tools/bin/../lib/gcc/arm-none-eabi/12.3.1/../../../../arm-none-eabi/lib/thumb/v7e-m/nofp/libc_nano.a
LOAD /opt/st/stm32cubeide_1.15.0/plugins/com.st.stm32cube.ide.mcu.externaltools.gnu-tools-for-stm32.12.3.rel1.linux64_1.0.100.202403111256/tools/bin/../lib/gcc/arm-none-eabi/12.3.1/../../../../arm-none-eabi/lib/thumb/v7e-m/nofp/libnosys.a
END GROUP
START GROUP
LOAD /opt/st/stm32cubeide_1.15.0/plugins/com.st.stm32cube.ide.mcu.externaltools.gnu-tools-for-stm32.12.3.rel1.linux64_1.0.100.202403111256/tools/bin/../lib/gcc/arm-none-eabi/12.3.1/thumb/v7e-m/nofp/libgcc.a
LOAD /opt/st/stm32cubeide_1.15.0/plugins/com.st.stm32cube.ide.mcu.externaltools.gnu-tools-for-stm32.12.3.rel1.linux64_1.0.100.202403111256/tools/bin/../lib/gcc/arm-none-eabi/12.3.1/../../../../arm-none-eabi/lib/thumb/v7e-m/nofp/libc_nano.a
LOAD /opt/st/stm32cubeide_1.15.0/plugins/com.st.stm32cube.ide.mcu.externaltools.gnu-tools-for-stm32.12.3.rel1.linux64_1.0.100.202403111256/tools/bin/../lib/gcc/arm-none-eabi/12.3.1/../../../../arm-none-eabi/lib/thumb/v7e-m/nofp/libnosys.a
END GROUP
LOAD /opt/st/stm32cubeide_1.15.0/plugins/com.st.stm32cube.ide.mcu.externaltools.gnu-tools-for-stm32.12.3.rel1.linux64_1.0.100.202403111256/tools/bin/../lib/gcc/arm-none-eabi/12.3.1/thumb/v7e-m/nofp/crtend.o
LOAD /opt/st/stm32cubeide_1.15.0/plugins/com.st.stm32cube.ide.mcu.externaltools.gnu-tools-for-stm32.12.3.rel1.linux64_1.0.100.202403111256/tools/bin/../lib/gcc/arm-none-eabi/12.3.1/thumb/v7e-m/nofp/crtn.o
                0x20020000                        _estack = (ORIGIN (RAM) + LENGTH (RAM))
                0x00000200                        _Min_Heap_Size = 0x200
                0x00000400                        _Min_Stack_Size = 0x400

.isr_vector     0x08000000      0x188
                0x08000000                        . = ALIGN (0x4)
 *(.isr_vector)
 .isr_vector    0x08000000      0x188 ./Startup/startup_stm32f407vgtx.o
                0x08000000                g_pfnVectors
                0x08000188                        . = ALIGN (0x4)

.text           0x08000188      0x7d4
                0x08000188                        . = ALIGN (0x4)
 *(.text)
 .text          0x08000188       0x40 /opt/st/stm32cubeide_1.15.0/plugins/com.st.stm32cube.ide.mcu.externaltools.gnu-tools-for-stm32.12.3.rel1.linux64_1.0.100.202403111256/tools/bin/../lib/gcc/arm-none-eabi/12.3.1/thumb/v7e-m/nofp/crtbegin.o
 *(.text*)
 .text.DelayMs  0x080001c8       0x50 ./Src/lcd.o
 .text.LcdBusyWait
                0x08000218       0x50 ./Src/lcd.o
                0x08000218                LcdBusyWait
 .text.LcdWriteNibble
                0x08000268       0x64 ./Src/lcd.o
                0x08000268                LcdWriteNibble
 .text.LcdWrite
                0x080002cc       0x48 ./Src/lcd.o
                0x080002cc                LcdWrite
 .text.LcdInit  0x08000314       0xe4 ./Src/lcd.o
                0x08000314                LcdInit
 .text.LcdPuts  0x080003f8       0x48 ./Src/lcd.o
                0x080003f8                LcdPuts
 .text.DelayMs  0x08000440       0x50 ./Src/led.o
 .text.LedInit  0x08000490       0xb4 ./Src/led.o
                0x08000490                LedInit
 .text.LedOn    0x08000544       0x2c ./Src/led.o
                0x08000544                LedOn
 .text.LedOff   0x08000570       0x2c ./Src/led.o
                0x08000570                LedOff
 .text.LedBlink
                0x0800059c       0x24 ./Src/led.o
                0x0800059c                LedBlink
 .text.main     0x080005c0       0xa0 ./Src/main.o
                0x080005c0                main
 .text.__NVIC_EnableIRQ
                0x08000660       0x38 ./Src/switch.o
 .text.SwitchInit
                0x08000698       0xc4 ./Src/switch.o
                0x08000698                SwitchInit
 .text.EXTI0_IRQHandler
                0x0800075c       0x28 ./Src/switch.o
                0x0800075c                EXTI0_IRQHandler
 .text.SystemInit
                0x08000784        0xc ./Src/system_stm32f4xx.o
                0x08000784                SystemInit
 .text.DWT_Init
                0x08000790       0x60 ./Src/system_stm32f4xx.o
                0x08000790                DWT_Init
 .text.Reset_Handler
                0x080007f0       0x50 ./Startup/startup_stm32f407vgtx.o
                0x080007f0                Reset_Handler
 .text.Default_Handler
                0x08000840        0x2 ./Startup/startup_stm32f407vgtx.o
                0x08000840                RTC_Alarm_IRQHandler
                0x08000840                HASH_RNG_IRQHandler
                0x08000840                EXTI2_IRQHandler
                0x08000840                TIM8_CC_IRQHandler
                0x08000840                DebugMon_Handler
                0x08000840                TIM1_CC_IRQHandler
                0x08000840                DMA2_Stream5_IRQHandler
                0x08000840                HardFault_Handler
                0x08000840                DMA1_Stream5_IRQHandler
                0x08000840                SysTick_Handler
                0x08000840                PVD_IRQHandler
                0x08000840                SDIO_IRQHandler
                0x08000840                TAMP_STAMP_IRQHandler
                0x08000840                PendSV_Handler
                0x08000840                NMI_Handler
                0x08000840                CAN2_RX1_IRQHandler
                0x08000840                EXTI3_IRQHandler
                0x08000840                TIM8_TRG_COM_TIM14_IRQHandler
                0x08000840                TIM1_UP_TIM10_IRQHandler
                0x08000840                TIM8_UP_TIM13_IRQHandler
                0x08000840                I2C3_ER_IRQHandler
                0x08000840                I2C2_EV_IRQHandler
                0x08000840                DMA1_Stream2_IRQHandler
                0x08000840                CAN1_RX0_IRQHandler
                0x08000840                FPU_IRQHandler
                0x08000840                OTG_HS_WKUP_IRQHandler
                0x08000840                UsageFault_Handler
                0x08000840                CAN2_SCE_IRQHandler
                0x08000840                DMA2_Stream2_IRQHandler
                0x08000840                SPI1_IRQHandler
                0x08000840                TIM6_DAC_IRQHandler
                0x08000840                TIM1_BRK_TIM9_IRQHandler
                0x08000840                DCMI_IRQHandler
                0x08000840                CAN2_RX0_IRQHandler
                0x08000840                DMA2_Stream3_IRQHandler
                0x08000840                USART6_IRQHandler
                0x08000840                USART3_IRQHandler
                0x08000840                CRYP_IRQHandler
                0x08000840                CAN1_RX1_IRQHandler
                0x08000840                UART5_IRQHandler
                0x08000840                DMA2_Stream0_IRQHandler
                0x08000840                TIM4_IRQHandler
                0x08000840                I2C1_EV_IRQHandler
                0x08000840                DMA1_Stream6_IRQHandler
                0x08000840                DMA1_Stream1_IRQHandler
                0x08000840                UART4_IRQHandler
                0x08000840                TIM3_IRQHandler
                0x08000840                RCC_IRQHandler
                0x08000840                TIM8_BRK_TIM12_IRQHandler
                0x08000840                Default_Handler
                0x08000840                EXTI15_10_IRQHandler
                0x08000840                ADC_IRQHandler
                0x08000840                DMA1_Stream7_IRQHandler
                0x08000840                TIM7_IRQHandler
                0x08000840                CAN2_TX_IRQHandler
                0x08000840                TIM5_IRQHandler
                0x08000840                DMA2_Stream7_IRQHandler
                0x08000840                I2C3_EV_IRQHandler
                0x08000840                EXTI9_5_IRQHandler
                0x08000840                RTC_WKUP_IRQHandler
                0x08000840                ETH_WKUP_IRQHandler
                0x08000840                SPI2_IRQHandler
                0x08000840                OTG_HS_EP1_IN_IRQHandler
                0x08000840                MemManage_Handler
                0x08000840                DMA1_Stream0_IRQHandler
                0x08000840                CAN1_TX_IRQHandler
                0x08000840                SVC_Handler
                0x08000840                EXTI4_IRQHandler
                0x08000840                FSMC_IRQHandler
                0x08000840                ETH_IRQHandler
                0x08000840                OTG_HS_EP1_OUT_IRQHandler
                0x08000840                WWDG_IRQHandler
                0x08000840                TIM2_IRQHandler
                0x08000840                OTG_FS_WKUP_IRQHandler
                0x08000840                TIM1_TRG_COM_TIM11_IRQHandler
                0x08000840                OTG_HS_IRQHandler
                0x08000840                EXTI1_IRQHandler
                0x08000840                USART2_IRQHandler
                0x08000840                I2C2_ER_IRQHandler
                0x08000840                DMA2_Stream1_IRQHandler
                0x08000840                CAN1_SCE_IRQHandler
                0x08000840                DMA2_Stream4_IRQHandler
                0x08000840                BusFault_Handler
                0x08000840                USART1_IRQHandler
                0x08000840                OTG_FS_IRQHandler
                0x08000840                SPI3_IRQHandler
                0x08000840                DMA1_Stream4_IRQHandler
                0x08000840                I2C1_ER_IRQHandler
                0x08000840                DMA2_Stream6_IRQHandler
                0x08000840                DMA1_Stream3_IRQHandler
 .text.__itoa   0x08000842       0x30 /opt/st/stm32cubeide_1.15.0/plugins/com.st.stm32cube.ide.mcu.externaltools.gnu-tools-for-stm32.12.3.rel1.linux64_1.0.100.202403111256/tools/bin/../lib/gcc/arm-none-eabi/12.3.1/../../../../arm-none-eabi/lib/thumb/v7e-m/nofp/libc_nano.a(libc_a-itoa.o)
                0x08000842                __itoa
 .text.itoa     0x08000872        0x4 /opt/st/stm32cubeide_1.15.0/plugins/com.st.stm32cube.ide.mcu.externaltools.gnu-tools-for-stm32.12.3.rel1.linux64_1.0.100.202403111256/tools/bin/../lib/gcc/arm-none-eabi/12.3.1/../../../../arm-none-eabi/lib/thumb/v7e-m/nofp/libc_nano.a(libc_a-itoa.o)
                0x08000872                itoa
 *fill*         0x08000876        0x2 
 .text.__utoa   0x08000878       0x84 /opt/st/stm32cubeide_1.15.0/plugins/com.st.stm32cube.ide.mcu.externaltools.gnu-tools-for-stm32.12.3.rel1.linux64_1.0.100.202403111256/tools/bin/../lib/gcc/arm-none-eabi/12.3.1/../../../../arm-none-eabi/lib/thumb/v7e-m/nofp/libc_nano.a(libc_a-utoa.o)
                0x08000878                __utoa
 .text.__libc_init_array
                0x080008fc       0x48 /opt/st/stm32cubeide_1.15.0/plugins/com.st.stm32cube.ide.mcu.externaltools.gnu-tools-for-stm32.12.3.rel1.linux64_1.0.100.202403111256/tools/bin/../lib/gcc/arm-none-eabi/12.3.1/../../../../arm-none-eabi/lib/thumb/v7e-m/nofp/libc_nano.a(libc_a-init.o)
                0x080008fc                __libc_init_array
 *(.glue_7)
 .glue_7        0x08000944        0x0 linker stubs
 *(.glue_7t)
 .glue_7t       0x08000944        0x0 linker stubs
 *(.eh_frame)
 .eh_frame      0x08000944        0x0 /opt/st/stm32cubeide_1.15.0/plugins/com.st.stm32cube.ide.mcu.externaltools.gnu-tools-for-stm32.12.3.rel1.linux64_1.0.100.202403111256/tools/bin/../lib/gcc/arm-none-eabi/12.3.1/thumb/v7e-m/nofp/crtbegin.o
 *(.init)
 .init          0x08000944        0x4 /opt/st/stm32cubeide_1.15.0/plugins/com.st.stm32cube.ide.mcu.externaltools.gnu-tools-for-stm32.12.3.rel1.linux64_1.0.100.202403111256/tools/bin/../lib/gcc/arm-none-eabi/12.3.1/thumb/v7e-m/nofp/crti.o
                0x08000944                _init
 .init          0x08000948        0x8 /opt/st/stm32cubeide_1.15.0/plugins/com.st.stm32cube.ide.mcu.externaltools.gnu-tools-for-stm32.12.3.rel1.linux64_1.0.100.202403111256/tools/bin/../lib/gcc/arm-none-eabi/12.3.1/thumb/v7e-m/nofp/crtn.o
 *(.fini)
 .fini          0x08000950        0x4 /opt/st/stm32cubeide_1.15.0/plugins/com.st.stm32cube.ide.mcu.externaltools.gnu-tools-for-stm32.12.3.rel1.linux64_1.0.100.202403111256/tools/bin/../lib/gcc/arm-none-eabi/12.3.1/thumb/v7e-m/nofp/crti.o
                0x08000950                _fini
 .fini          0x08000954        0x8 /opt/st/stm32cubeide_1.15.0/plugins/com.st.stm32cube.ide.mcu.externaltools.gnu-tools-for-stm32.12.3.rel1.linux64_1.0.100.202403111256/tools/bin/../lib/gcc/arm-none-eabi/12.3.1/thumb/v7e-m/nofp/crtn.o
                0x0800095c                        . = ALIGN (0x4)
                0x0800095c                        _etext = .

.vfp11_veneer   0x0800095c        0x0
 .vfp11_veneer  0x0800095c        0x0 linker stubs

.v4_bx          0x0800095c        0x0
 .v4_bx         0x0800095c        0x0 linker stubs

.iplt           0x0800095c        0x0
 .iplt          0x0800095c        0x0 /opt/st/stm32cubeide_1.15.0/plugins/com.st.stm32cube.ide.mcu.externaltools.gnu-tools-for-stm32.12.3.rel1.linux64_1.0.100.202403111256/tools/bin/../lib/gcc/arm-none-eabi/12.3.1/thumb/v7e-m/nofp/crtbegin.o

.rodata         0x0800095c       0x28
                0x0800095c                        . = ALIGN (0x4)
 *(.rodata)
 *(.rodata*)
 .rodata.__utoa.str1.1
                0x0800095c       0x25 /opt/st/stm32cubeide_1.15.0/plugins/com.st.stm32cube.ide.mcu.externaltools.gnu-tools-for-stm32.12.3.rel1.linux64_1.0.100.202403111256/tools/bin/../lib/gcc/arm-none-eabi/12.3.1/../../../../arm-none-eabi/lib/thumb/v7e-m/nofp/libc_nano.a(libc_a-utoa.o)
                0x08000984                        . = ALIGN (0x4)
 *fill*         0x08000981        0x3 

.ARM.extab      0x08000984        0x0
                0x08000984                        . = ALIGN (0x4)
 *(.ARM.extab* .gnu.linkonce.armextab.*)
                0x08000984                        . = ALIGN (0x4)

.ARM            0x08000984        0x0
                0x08000984                        . = ALIGN (0x4)
                0x08000984                        __exidx_start = .
 *(.ARM.exidx*)
                0x08000984                        __exidx_end = .
                0x08000984                        . = ALIGN (0x4)

.preinit_array  0x08000984        0x0
                0x08000984                        . = ALIGN (0x4)
                0x08000984                        PROVIDE (__preinit_array_start = .)
 *(.preinit_array*)
                0x08000984                        PROVIDE (__preinit_array_end = .)
                0x08000984                        . = ALIGN (0x4)

.init_array     0x08000984        0x4
                0x08000984                        . = ALIGN (0x4)
                0x08000984                        PROVIDE (__init_array_start = .)
 *(SORT_BY_NAME(.init_array.*))
 *(.init_array*)
 .init_array    0x08000984        0x4 /opt/st/stm32cubeide_1.15.0/plugins/com.st.stm32cube.ide.mcu.externaltools.gnu-tools-for-stm32.12.3.rel1.linux64_1.0.100.202403111256/tools/bin/../lib/gcc/arm-none-eabi/12.3.1/thumb/v7e-m/nofp/crtbegin.o
                0x08000988                        PROVIDE (__init_array_end = .)
                0x08000988                        . = ALIGN (0x4)

.fini_array     0x08000988        0x4
                0x08000988                        . = ALIGN (0x4)
                [!provide]                        PROVIDE (__fini_array_start = .)
 *(SORT_BY_NAME(.fini_array.*))
 *(.fini_array*)
 .fini_array    0x08000988        0x4 /opt/st/stm32cubeide_1.15.0/plugins/com.st.stm32cube.ide.mcu.externaltools.gnu-tools-for-stm32.12.3.rel1.linux64_1.0.100.202403111256/tools/bin/../lib/gcc/arm-none-eabi/12.3.1/thumb/v7e-m/nofp/crtbegin.o
                [!provide]                        PROVIDE (__fini_array_end = .)
                0x0800098c                        . = ALIGN (0x4)
                0x0800098c                        _sidata = LOADADDR (.data)

.rel.dyn        0x0800098c        0x0
 .rel.iplt      0x0800098c        0x0 /opt/st/stm32cubeide_1.15.0/plugins/com.st.stm32cube.ide.mcu.externaltools.gnu-tools-for-stm32.12.3.rel1.linux64_1.0.100.202403111256/tools/bin/../lib/gcc/arm-none-eabi/12.3.1/thumb/v7e-m/nofp/crtbegin.o

.data           0x20000000        0x4 load address 0x0800098c
                0x20000000                        . = ALIGN (0x4)
                0x20000000                        _sdata = .
 *(.data)
 *(.data*)
 .data.SystemCoreClock
                0x20000000        0x4 ./Src/system_stm32f4xx.o
                0x20000000                SystemCoreClock
 *(.RamFunc)
 *(.RamFunc*)
                0x20000004                        . = ALIGN (0x4)
                0x20000004                        _edata = .
                0x08000990                        _siccmram = LOADADDR (.ccmram)

.igot.plt       0x20000004        0x0 load address 0x08000990
 .igot.plt      0x20000004        0x0 /opt/st/stm32cubeide_1.15.0/plugins/com.st.stm32cube.ide.mcu.externaltools.gnu-tools-for-stm32.12.3.rel1.linux64_1.0.100.202403111256/tools/bin/../lib/gcc/arm-none-eabi/12.3.1/thumb/v7e-m/nofp/crtbegin.o

.ccmram         0x10000000        0x0 load address 0x08000990
                0x10000000                        . = ALIGN (0x4)
                0x10000000                        _sccmram = .
 *(.ccmram)
 *(.ccmram*)
                0x10000000                        . = ALIGN (0x4)
                0x10000000                        _eccmram = .
                0x10000000                        . = ALIGN (0x4)

.bss            0x20000004       0x3c
                0x20000004                        _sbss = .
                0x20000004                        __bss_start__ = _sbss
 *(.bss)
 .bss           0x20000004       0x1c /opt/st/stm32cubeide_1.15.0/plugins/com.st.stm32cube.ide.mcu.externaltools.gnu-tools-for-stm32.12.3.rel1.linux64_1.0.100.202403111256/tools/bin/../lib/gcc/arm-none-eabi/12.3.1/thumb/v7e-m/nofp/crtbegin.o
 *(.bss*)
 .bss.scount    0x20000020        0xf ./Src/main.o
                0x20000020                scount
 *fill*         0x2000002f        0x1 
 .bss.cState    0x20000030        0x4 ./Src/main.o
                0x20000030                cState
 .bss.pState    0x20000034        0x4 ./Src/main.o
                0x20000034                pState
 .bss.count     0x20000038        0x4 ./Src/switch.o
                0x20000038                count
 .bss.exti0_flag
                0x2000003c        0x4 ./Src/switch.o
                0x2000003c                exti0_flag
 *(COMMON)
                0x20000040                        . = ALIGN (0x4)
                0x20000040                        _ebss = .
                0x20000040                        __bss_end__ = _ebss

._user_heap_stack
                0x20000040      0x600
                0x20000040                        . = ALIGN (0x8)
                [!provide]                        PROVIDE (end = .)
                0x20000040                        PROVIDE (_end = .)
                0x20000240                        . = (. + _Min_Heap_Size)
 *fill*         0x20000040      0x200 
                0x20000640                        . = (. + _Min_Stack_Size)
 *fill*         0x20000240      0x400 
                0x20000640                        . = ALIGN (0x8)

/DISCARD/
 libc.a(*)
 libm.a(*)
 libgcc.a(*)

.ARM.attributes
                0x00000000       0x2a
 *(.ARM.attributes)
 .ARM.attributes
                0x00000000       0x1e /opt/st/stm32cubeide_1.15.0/plugins/com.st.stm32cube.ide.mcu.externaltools.gnu-tools-for-stm32.12.3.rel1.linux64_1.0.100.202403111256/tools/bin/../lib/gcc/arm-none-eabi/12.3.1/thumb/v7e-m/nofp/crti.o
 .ARM.attributes
                0x0000001e       0x2e /opt/st/stm32cubeide_1.15.0/plugins/com.st.stm32cube.ide.mcu.externaltools.gnu-tools-for-stm32.12.3.rel1.linux64_1.0.100.202403111256/tools/bin/../lib/gcc/arm-none-eabi/12.3.1/thumb/v7e-m/nofp/crtbegin.o
 .ARM.attributes
                0x0000004c       0x2e ./Src/lcd.o
 .ARM.attributes
                0x0000007a       0x2e ./Src/led.o
 .ARM.attributes
                0x000000a8       0x2e ./Src/main.o
 .ARM.attributes
                0x000000d6       0x2e ./Src/switch.o
 .ARM.attributes
                0x00000104       0x2e ./Src/system_stm32f4xx.o
 .ARM.attributes
                0x00000132       0x21 ./Startup/startup_stm32f407vgtx.o
 .ARM.attributes
                0x00000153       0x2e /opt/st/stm32cubeide_1.15.0/plugins/com.st.stm32cube.ide.mcu.externaltools.gnu-tools-for-stm32.12.3.rel1.linux64_1.0.100.202403111256/tools/bin/../lib/gcc/arm-none-eabi/12.3.1/../../../../arm-none-eabi/lib/thumb/v7e-m/nofp/libc_nano.a(libc_a-itoa.o)
 .ARM.attributes
                0x00000181       0x2e /opt/st/stm32cubeide_1.15.0/plugins/com.st.stm32cube.ide.mcu.externaltools.gnu-tools-for-stm32.12.3.rel1.linux64_1.0.100.202403111256/tools/bin/../lib/gcc/arm-none-eabi/12.3.1/../../../../arm-none-eabi/lib/thumb/v7e-m/nofp/libc_nano.a(libc_a-utoa.o)
 .ARM.attributes
                0x000001af       0x2e /opt/st/stm32cubeide_1.15.0/plugins/com.st.stm32cube.ide.mcu.externaltools.gnu-tools-for-stm32.12.3.rel1.linux64_1.0.100.202403111256/tools/bin/../lib/gcc/arm-none-eabi/12.3.1/../../../../arm-none-eabi/lib/thumb/v7e-m/nofp/libc_nano.a(libc_a-init.o)
 .ARM.attributes
                0x000001dd       0x1e /opt/st/stm32cubeide_1.15.0/plugins/com.st.stm32cube.ide.mcu.externaltools.gnu-tools-for-stm32.12.3.rel1.linux64_1.0.100.202403111256/tools/bin/../lib/gcc/arm-none-eabi/12.3.1/thumb/v7e-m/nofp/crtn.o
OUTPUT(Day06_Asm01_V1.elf elf32-littlearm)
LOAD linker stubs
LOAD /opt/st/stm32cubeide_1.15.0/plugins/com.st.stm32cube.ide.mcu.externaltools.gnu-tools-for-stm32.12.3.rel1.linux64_1.0.100.202403111256/tools/bin/../lib/gcc/arm-none-eabi/12.3.1/../../../../arm-none-eabi/lib/thumb/v7e-m/nofp/libc.a
LOAD /opt/st/stm32cubeide_1.15.0/plugins/com.st.stm32cube.ide.mcu.externaltools.gnu-tools-for-stm32.12.3.rel1.linux64_1.0.100.202403111256/tools/bin/../lib/gcc/arm-none-eabi/12.3.1/../../../../arm-none-eabi/lib/thumb/v7e-m/nofp/libm.a
LOAD /opt/st/stm32cubeide_1.15.0/plugins/com.st.stm32cube.ide.mcu.externaltools.gnu-tools-for-stm32.12.3.rel1.linux64_1.0.100.202403111256/tools/bin/../lib/gcc/arm-none-eabi/12.3.1/thumb/v7e-m/nofp/libgcc.a

.debug_info     0x00000000     0x1a55
 .debug_info    0x00000000      0x5c9 ./Src/lcd.o
 .debug_info    0x000005c9      0x549 ./Src/led.o
 .debug_info    0x00000b12      0x1c5 ./Src/main.o
 .debug_info    0x00000cd7      0x812 ./Src/switch.o
 .debug_info    0x000014e9      0x53c ./Src/system_stm32f4xx.o
 .debug_info    0x00001a25       0x30 ./Startup/startup_stm32f407vgtx.o

.debug_abbrev   0x00000000      0x6e9
 .debug_abbrev  0x00000000      0x168 ./Src/lcd.o
 .debug_abbrev  0x00000168      0x136 ./Src/led.o
 .debug_abbrev  0x0000029e      0x105 ./Src/main.o
 .debug_abbrev  0x000003a3      0x1ca ./Src/switch.o
 .debug_abbrev  0x0000056d      0x158 ./Src/system_stm32f4xx.o
 .debug_abbrev  0x000006c5       0x24 ./Startup/startup_stm32f407vgtx.o

.debug_aranges  0x00000000      0x140
 .debug_aranges
                0x00000000       0x48 ./Src/lcd.o
 .debug_aranges
                0x00000048       0x40 ./Src/led.o
 .debug_aranges
                0x00000088       0x20 ./Src/main.o
 .debug_aranges
                0x000000a8       0x38 ./Src/switch.o
 .debug_aranges
                0x000000e0       0x38 ./Src/system_stm32f4xx.o
 .debug_aranges
                0x00000118       0x28 ./Startup/startup_stm32f407vgtx.o

.debug_rnglists
                0x00000000       0xd7
 .debug_rnglists
                0x00000000       0x32 ./Src/lcd.o
 .debug_rnglists
                0x00000032       0x2c ./Src/led.o
 .debug_rnglists
                0x0000005e       0x14 ./Src/main.o
 .debug_rnglists
                0x00000072       0x26 ./Src/switch.o
 .debug_rnglists
                0x00000098       0x26 ./Src/system_stm32f4xx.o
 .debug_rnglists
                0x000000be       0x19 ./Startup/startup_stm32f407vgtx.o

.debug_macro    0x00000000    0x18392
 .debug_macro   0x00000000       0xdc ./Src/lcd.o
 .debug_macro   0x000000dc       0x2e ./Src/lcd.o
 .debug_macro   0x0000010a       0x2f ./Src/lcd.o
 .debug_macro   0x00000139       0x1c ./Src/lcd.o
 .debug_macro   0x00000155       0x22 ./Src/lcd.o
 .debug_macro   0x00000177       0xd9 ./Src/lcd.o
 .debug_macro   0x00000250     0x102d ./Src/lcd.o
 .debug_macro   0x0000127d      0x11f ./Src/lcd.o
 .debug_macro   0x0000139c       0x11 ./Src/lcd.o
 .debug_macro   0x000013ad    0x15e3c ./Src/lcd.o
 .debug_macro   0x000171e9       0x4a ./Src/lcd.o
 .debug_macro   0x00017233       0xac ./Src/lcd.o
 .debug_macro   0x000172df       0xd6 ./Src/led.o
 .debug_macro   0x000173b5       0x28 ./Src/led.o
 .debug_macro   0x000173dd       0x74 ./Src/led.o
 .debug_macro   0x00017451      0x1d3 ./Src/main.o
 .debug_macro   0x00017624       0x61 ./Src/main.o
 .debug_macro   0x00017685       0x24 ./Src/main.o
 .debug_macro   0x000176a9       0x43 ./Src/main.o
 .debug_macro   0x000176ec       0x34 ./Src/main.o
 .debug_macro   0x00017720       0x16 ./Src/main.o
 .debug_macro   0x00017736       0x9e ./Src/main.o
 .debug_macro   0x000177d4      0x369 ./Src/main.o
 .debug_macro   0x00017b3d      0x10b ./Src/main.o
 .debug_macro   0x00017c48       0x10 ./Src/main.o
 .debug_macro   0x00017c58       0x16 ./Src/main.o
 .debug_macro   0x00017c6e       0x43 ./Src/main.o
 .debug_macro   0x00017cb1       0x34 ./Src/main.o
 .debug_macro   0x00017ce5       0x10 ./Src/main.o
 .debug_macro   0x00017cf5       0x58 ./Src/main.o
 .debug_macro   0x00017d4d       0x8e ./Src/main.o
 .debug_macro   0x00017ddb       0x1c ./Src/main.o
 .debug_macro   0x00017df7      0x177 ./Src/main.o
 .debug_macro   0x00017f6e       0x16 ./Src/main.o
 .debug_macro   0x00017f84       0x16 ./Src/main.o
 .debug_macro   0x00017f9a      0x146 ./Src/main.o
 .debug_macro   0x000180e0       0x2e ./Src/main.o
 .debug_macro   0x0001810e       0x16 ./Src/main.o
 .debug_macro   0x00018124       0xb2 ./Src/main.o
 .debug_macro   0x000181d6       0xdc ./Src/switch.o
 .debug_macro   0x000182b2       0xe0 ./Src/system_stm32f4xx.o

.debug_line     0x00000000     0x19da
 .debug_line    0x00000000      0x56c ./Src/lcd.o
 .debug_line    0x0000056c      0x4da ./Src/led.o
 .debug_line    0x00000a46      0x585 ./Src/main.o
 .debug_line    0x00000fcb      0x4be ./Src/switch.o
 .debug_line    0x00001489      0x4d6 ./Src/system_stm32f4xx.o
 .debug_line    0x0000195f       0x7b ./Startup/startup_stm32f407vgtx.o

.debug_str      0x00000000    0x8bf50
 .debug_str     0x00000000    0x87d98 ./Src/lcd.o
                              0x87f21 (size before relaxing)
 .debug_str     0x00087d98       0x88 ./Src/led.o
                              0x87d77 (size before relaxing)
 .debug_str     0x00087e20     0x3a6a ./Src/main.o
                              0x8b84b (size before relaxing)
 .debug_str     0x0008b88a      0x599 ./Src/switch.o
                              0x88263 (size before relaxing)
 .debug_str     0x0008be23       0xee ./Src/system_stm32f4xx.o
                              0x87daf (size before relaxing)
 .debug_str     0x0008bf11       0x3f ./Startup/startup_stm32f407vgtx.o
                                 0x6f (size before relaxing)

.comment        0x00000000       0x43
 .comment       0x00000000       0x43 ./Src/lcd.o
                                 0x44 (size before relaxing)
 .comment       0x00000043       0x44 ./Src/led.o
 .comment       0x00000043       0x44 ./Src/main.o
 .comment       0x00000043       0x44 ./Src/switch.o
 .comment       0x00000043       0x44 ./Src/system_stm32f4xx.o

.debug_frame    0x00000000      0x3bc
 .debug_frame   0x00000000       0xe8 ./Src/lcd.o
 .debug_frame   0x000000e8       0xd4 ./Src/led.o
 .debug_frame   0x000001bc       0x2c ./Src/main.o
 .debug_frame   0x000001e8       0xa4 ./Src/switch.o
 .debug_frame   0x0000028c       0x84 ./Src/system_stm32f4xx.o
 .debug_frame   0x00000310       0x38 /opt/st/stm32cubeide_1.15.0/plugins/com.st.stm32cube.ide.mcu.externaltools.gnu-tools-for-stm32.12.3.rel1.linux64_1.0.100.202403111256/tools/bin/../lib/gcc/arm-none-eabi/12.3.1/../../../../arm-none-eabi/lib/thumb/v7e-m/nofp/libc_nano.a(libc_a-itoa.o)
 .debug_frame   0x00000348       0x48 /opt/st/stm32cubeide_1.15.0/plugins/com.st.stm32cube.ide.mcu.externaltools.gnu-tools-for-stm32.12.3.rel1.linux64_1.0.100.202403111256/tools/bin/../lib/gcc/arm-none-eabi/12.3.1/../../../../arm-none-eabi/lib/thumb/v7e-m/nofp/libc_nano.a(libc_a-utoa.o)
 .debug_frame   0x00000390       0x2c /opt/st/stm32cubeide_1.15.0/plugins/com.st.stm32cube.ide.mcu.externaltools.gnu-tools-for-stm32.12.3.rel1.linux64_1.0.100.202403111256/tools/bin/../lib/gcc/arm-none-eabi/12.3.1/../../../../arm-none-eabi/lib/thumb/v7e-m/nofp/libc_nano.a(libc_a-init.o)

.debug_loclists
                0x00000000       0x1f
 .debug_loclists
                0x00000000       0x1f ./Src/system_stm32f4xx.o

.debug_line_str
                0x00000000       0x53
 .debug_line_str
                0x00000000       0x53 ./Startup/startup_stm32f407vgtx.o
